
── 1. AUTH - Register + Sign in
  ? Registered folder-test-1500652310@example.com
  ? Signed in

── 2. Get or create organization
  ? Created new org  org_cmzm3c5ti6zcuzafi0lt1c2t

── 3. POST /folders - create root folder
  ? Created root folder 'Invoices'  fld_yw9dukqulxd7b5g1i1wtcz29

── 4. POST /folders - create nested folder
  ? Created nested folder 'Q1 2024' under fld_yw9dukqulxd7b5g1i1wtcz29  fld_zephnbeo7tru4reib1le0m5m

── 5. POST /folders - create sibling folder
  ? Created sibling 'Q2 2024'  fld_tanugsfu6jh6bne3n0h99pul

── 6. GET /folders - list all org folders
  ? Listed 3 folders: Invoices, Q1 2024, Q2 2024

── 7. GET /folders/:id - get single folder
  ? Got folder: 'Invoices'

── 8. PATCH /folders/:id - rename
  ? Renamed  'All Invoices'

── 9. POST /folders/:id/move - move Q1 to root
  ? Moved Q1 to root, parentFolderId = 

── 10. POST /folders/:id/move - cycle rejection (self-ref)
  ? Correctly rejected self-reference

── 11. Security - IDOR: folder from wrong org returns 404
  ? Correctly blocked cross-org folder access

── 12. POST /documents?folderId - upload to folder
  ? Uploaded doc 'tmpik5b5k.tmp.txt'  doc_y1u8qz4j55941rrmgkj7vmhw (folderId: fld_yw9dukqulxd7b5g1i1wtcz29)

── 13. GET /documents?folderId= - filter documents by folder
  ? Documents in folder 'fld_yw9dukqulxd7b5g1i1wtcz29': 1

── 14. PATCH /documents/:id/folder - move doc between folders
  ? Moved doc to folderId: fld_zephnbeo7tru4reib1le0m5m

── 15. PATCH /documents/:id/folder - move doc to root (null)
  ? Moved doc to root, folderId = 

── 16. DELETE /folders/:id - cascade delete (children reparented)
  ? Deleted 'All Invoices' folder
  ? Q2 correctly reparented to root after parent deletion

── Done ?
